// Jest Snapshot v1, https://goo.gl/fbAQLP

exports[`renders HomeContent heading 1`] = `
<h1>
  Welcome to our page!
</h1>
`;
