// Jest Snapshot v1, https://goo.gl/fbAQLP

exports[`Quote should match this text 1`] = `
<p>
  Mathematics is not about numbers, equations, computations or algorithms. It is about understanding. -- William Paul Thurston
</p>
`;
